     VMA      LMA     Size Align Out     In      Symbol
     174      174       98     4 .note.android.ident
     174      174       98     4         C:/Android/ndk/25.2.9519653/toolchains/llvm/prebuilt/windows-x86_64/bin/../sysroot/usr/lib/arm-linux-androideabi/21/crtbegin_so.o:(.note.android.ident)
     174      174       98     1                 note_android_ident
     180      180        0     1                 note_name
     188      188        0     1                 note_data
     18c      18c        0     1                 ndk_version
     1cc      1cc        0     1                 ndk_build_number
     20c      20c        0     1                 note_end
     20c      20c       60     4 .dynsym
     20c      20c       60     4         <internal>:(.dynsym)
     26c      26c        c     2 .gnu.version
     26c      26c        c     2         <internal>:(.gnu.version)
     278      278       20     4 .gnu.version_r
     278      278       20     4         <internal>:(.gnu.version_r)
     298      298       20     4 .gnu.hash
     298      298       20     4         <internal>:(.gnu.hash)
     2b8      2b8       38     4 .hash
     2b8      2b8       38     4         <internal>:(.hash)
     2f0      2f0       ac     1 .dynstr
     2f0      2f0       ac     1         <internal>:(.dynstr)
     39c      39c       18     4 .rel.dyn
     39c      39c       18     4         <internal>:(.rel.dyn)
     3b4      3b4       30     4 .ARM.exidx
     3b4      3b4       30     4         <internal>:(.ARM.exidx)
     3e4      3e4       20     4 .rel.plt
     3e4      3e4       20     4         <internal>:(.rel.plt)
     404      404      108     1 .rodata
     404      404      108     1         <internal>:(.rodata)
    150c     150c      4d0     4 .text
    150c     150c       44     4         C:/Android/ndk/25.2.9519653/toolchains/llvm/prebuilt/windows-x86_64/bin/../sysroot/usr/lib/arm-linux-androideabi/21/crtbegin_so.o:(.text)
    150c     150c       10     1                 __on_dlclose
    150c     150c        0     1                 $a.0
    1518     1518        0     1                 $d.1
    151c     151c        0     1                 $a.2
    151c     151c        4     1                 __emutls_unregister_key
    1520     1520        4     1                 __on_dlclose_late
    1524     1524        c     1                 __atexit_handler_wrapper
    1530     1530       20     1                 atexit
    1548     1548        0     1                 $d.3
    1550     1550      48c     4         C:/Users/tuket/AppData/Local/Temp/main-7d76ed.o:(.text)
    1550     1550        0     1                 $a.0
    1550     1550       64     1                 dlog
    15ac     15ac        0     1                 $d.1
    15b4     15b4        0     1                 $a.2
    15b4     15b4      180     1                 ANativeActivity_onCreate
    16f8     16f8        0     1                 $d.3
    1734     1734       3c     1                 onDestroy
    1734     1734        0     1                 $a.4
    1768     1768        0     1                 $d.5
    1770     1770       3c     1                 onStart
    1770     1770        0     1                 $a.6
    17a4     17a4        0     1                 $d.7
    17ac     17ac       28     1                 onResume
    17ac     17ac        0     1                 $a.8
    17d0     17d0        0     1                 $d.9
    17d4     17d4       38     1                 onSaveInstanceState
    17d4     17d4        0     1                 $a.10
    1808     1808        0     1                 $d.11
    180c     180c       28     1                 onPause
    180c     180c        0     1                 $a.12
    1830     1830        0     1                 $d.13
    1834     1834       28     1                 onStop
    1834     1834        0     1                 $a.14
    1858     1858        0     1                 $d.15
    185c     185c       28     1                 onConfigurationChanged
    185c     185c        0     1                 $a.16
    1880     1880        0     1                 $d.17
    1884     1884       28     1                 onLowMemory
    1884     1884        0     1                 $a.18
    18a8     18a8        0     1                 $d.19
    18ac     18ac       2c     1                 onWindowFocusChanged
    18ac     18ac        0     1                 $a.20
    18d4     18d4        0     1                 $d.21
    18d8     18d8       40     1                 onNativeWindowCreated
    18d8     18d8        0     1                 $a.22
    1910     1910        0     1                 $d.23
    1918     1918       40     1                 onNativeWindowDestroyed
    1918     1918        0     1                 $a.24
    1950     1950        0     1                 $d.25
    1958     1958       2c     1                 onInputQueueCreated
    1958     1958        0     1                 $a.26
    1980     1980        0     1                 $d.27
    1984     1984       2c     1                 onInputQueueDestroyed
    1984     1984        0     1                 $a.28
    19ac     19ac        0     1                 $d.29
    19b0     19b0       2c     1                 onNativeWindowRedrawNeeded
    19b0     19b0        0     1                 $a.30
    19d8     19d8        0     1                 $d.31
    19e0     19e0       60    16 .plt
    19e0     19e0       60    16         <internal>:(.plt)
    2a40     2a40        4     4 .data.rel.ro
    2a40     2a40        4     4         C:/Android/ndk/25.2.9519653/toolchains/llvm/prebuilt/windows-x86_64/bin/../sysroot/usr/lib/arm-linux-androideabi/21/crtbegin_so.o:(.data.rel.ro)
    2a40     2a40        4     1                 __dso_handle_const
    2a40     2a40        4     1                 __dso_handle
    2a44     2a44        8     4 .fini_array
    2a44     2a44        4     4         C:/Android/ndk/25.2.9519653/toolchains/llvm/prebuilt/windows-x86_64/bin/../sysroot/usr/lib/arm-linux-androideabi/21/crtbegin_so.o:(.fini_array.0)
    2a48     2a48        4     4         C:/Android/ndk/25.2.9519653/toolchains/llvm/prebuilt/windows-x86_64/bin/../sysroot/usr/lib/arm-linux-androideabi/21/crtbegin_so.o:(.fini_array)
    2a4c     2a4c       f0     4 .dynamic
    2a4c     2a4c       f0     4         <internal>:(.dynamic)
    2b3c     2b3c       1c     4 .got.plt
    2b3c     2b3c       1c     4         <internal>:(.got.plt)
    3b58     3b58        8     4 .bss
    3b58     3b58        8     4         C:/Users/tuket/AppData/Local/Temp/main-7d76ed.o:(.bss)
    3b58     3b58        8     1                 gd
       0        0       b2     1 .comment
       0        0       b2     1         <internal>:(.comment)
       0        0       3c     1 .ARM.attributes
       0        0       3c     1         C:/Android/ndk/25.2.9519653/toolchains/llvm/prebuilt/windows-x86_64/bin/../sysroot/usr/lib/arm-linux-androideabi/21/crtbegin_so.o:(.ARM.attributes)
       0        0       d4     1 .shstrtab
       0        0       d4     1         <internal>:(.shstrtab)
